{
    "message": "pjauth::validation.throttle",
    "errors": {
        "email": [
            "pjauth::validation.throttle"
        ]
    }
}
