{
    "message": "pjauth::validation.credentials",
    "errors": {
        "password": [
            "pjauth::validation.credentials"
        ]
    }
}
