{
    "errors": {
        "current_password": [
            "passwords.current"
        ]
    }
}
