{
    "errors": {
        "password": [
            "pjutils::validation.password.min"
        ]
    }
}
