{
    "errors": {
        "email": [
            "pjutils::validation.required"
        ],
        "password": [
            "pjutils::validation.password.min"
        ]
    }
}
