{
    "errors": {
        "email": [
            "pjutils::validation.required"
        ]
    }
}
