{
    "errors": {
        "email": "The form did not pass the reCAPTCHA test"
    }
}
