{
    "errors": {
        "email": [
            "The Email must be a valid email address."
        ],
        "password": [
            "The password must contain at least one lowercase and one uppercase letter"
        ]
    }
}
