{
    "errors": {
        "name": [
            "pjutils::validation.required"
        ],
        "email": [
            "pjutils::validation.required"
        ]
    }
}
