{
    "errors": {
        "password": [
            "The Password field is required"
        ]
    }
}
