{
    "errors": {
        "email": [
            "The Email has already been taken"
        ]
    }
}
