{
    "errors": {
        "email": [
            "pjauth::validation.email"
        ]
    }
}
