{
    "errors": {
        "password": [
            "pjutils::validation.required"
        ]
    }
}
