{
    "errors": {
        "email": [
            "pjutils::validation.unique"
        ]
    }
}
