{
    "errors": {
        "email": [
            "pjauth::validation.invalid_invite_email"
        ]
    }
}
