{
    "errors": {
        "email": "pjutils::validation.recaptcha"
    }
}
